2025-07-23 10:27:19.796 | INFO     | __main__:main:63 - ✅ Client started and listening for messages...
2025-07-23 10:31:20.801 | INFO     | __main__:handle_new_message:46 - New message 📱  #BTCUSD  | 118800 To 119000

💸 That’s 200$ Per Lot |  ✅
2025-07-23 11:20:20.724 | INFO     | __main__:handle_new_message:46 - New message Safe Traders Can Exit At Cost ✅
2025-07-23 11:29:20.853 | INFO     | __main__:handle_new_message:46 - New message 🥇  #XAUUSD | Buy   3419.00

✅ Target 1 : 3423.00   | Target 2 : 3427.00 | Target 3 : 3432.00


❗️ Stoploss :  3416.00
2025-07-23 11:31:46.173 | INFO     | __main__:handle_new_message:46 - New message 🥇 #XAUUSD | 3419.00 To 3420.00

💸 That’s 100$ Per Lot | ✅
2025-07-23 11:32:20.925 | INFO     | __main__:handle_new_message:46 - New message 🥇 #XAUUSD | 3419.00 To 3421.00

💸 That’s 200$ Per Lot | ✅
2025-07-23 11:33:20.901 | INFO     | __main__:handle_new_message:46 - New message 🥇 #XAUUSD | 3419.00 To 3422.00

💸 That’s 300$ Per Lot | ✅
2025-07-23 11:39:21.026 | INFO     | __main__:handle_new_message:46 - New message 🥇 #XAUUSD | 3419.00 To 3423.00

💸 That’s 400$ Per Lot | ✅


FIRST TARGET IS ACHIEVED 🎯
2025-07-23 11:47:21.176 | INFO     | __main__:handle_new_message:46 - New message 🥇 #XAUUSD | 3419.00 To 3424.00

💸 That’s 500$ Per Lot | ✅
2025-07-23 12:18:52.082 | INFO     | __main__:handle_new_message:46 - New message 🥇 #XAUUSD | 3419.00 To 3425.00

💸 That’s 600$ Per Lot | ✅
2025-07-23 12:33:20.365 | INFO     | __main__:handle_new_message:46 - New message 🥇 #XAUUSD | 3419.00 To 3426.00

💸 That’s 700$ Per Lot | ✅
2025-07-23 12:38:48.525 | INFO     | __main__:handle_new_message:46 - New message 🥇 #XAUUSD | 3419.00 To 3427.00

💸 That’s 800$ Per Lot | ✅


SECOND TARGET IS ACHIEVED 🎯
2025-07-23 12:40:48.559 | INFO     | __main__:handle_new_message:46 - New message 🥇 #XAUUSD | 3419.00 To 3428.00

💸 That’s 900$ Per Lot | ✅
2025-07-23 12:49:48.752 | INFO     | __main__:handle_new_message:46 - New message 🥇 #XAUUSD | 3419.00 To 3429.00

💸 That’s 1000$ Per Lot | ✅
2025-07-23 14:41:50.384 | INFO     | __main__:handle_new_message:46 - New message 🥇  #XAUUSD | Buy   3429.00

✅ Target 1 : 3433.00   | Target 2 : 3437.00 | Target 3 : 3442.00


❗️ Stoploss :  3426.00
2025-07-23 14:48:49.609 | INFO     | __main__:handle_new_message:46 - New message 🥇 #XAUUSD | 3429.00 To 3431.00

💸 That’s 200$ Per Lot | ✅
2025-07-23 14:48:49.611 | INFO     | __main__:handle_new_message:46 - New message 🥇 #XAUUSD | 3429.00 To 3430.00

💸 That’s 100$ Per Lot | ✅
2025-07-23 14:52:50.559 | INFO     | __main__:handle_new_message:46 - New message 🥇 #XAUUSD | 3429.00 To 3432.00

💸 That’s 300$ Per Lot | ✅
2025-07-23 14:52:50.563 | INFO     | __main__:handle_new_message:46 - New message 🥇 #XAUUSD | 3429.00 To 3433.00

💸 That’s 400$ Per Lot | ✅


FIRST TARGET IS ACHIEVED 🎯
2025-07-23 14:52:50.566 | INFO     | __main__:handle_new_message:46 - New message 🥇 #XAUUSD | 3429.00 To 3434.00

💸 That’s 500$ Per Lot | ✅
2025-07-23 17:27:00.732 | INFO     | __main__:main:63 - ✅ Client started and listening for messages...
2025-07-23 18:46:02.470 | INFO     | __main__:handle_new_message:46 - New message Join Fast 🔥
2025-07-23 19:49:48.768 | INFO     | __main__:main:63 - ✅ Client started and listening for messages...
